======================================================================================================================================================
=                                                           ❌ SHACL validation failed for:                                                          =
=                                                                                                                                                    =
=                                        ['manifest/tests/fail_04_missing_id_mimeType_ldjson_instance.json']                                         =
=                                                                                                                                                    =
======================================================================================================================================================
=                                                                                                                                                    =
=                                                           Structured Validation Errors:                                                            =
= -------------------------------------------------------------------------------------------------------------------------------------------------- =
= 🔹 [Violation] Node: [BNODE]                                                                                                                       =
=    Error:            Node [ manifest:hasAccessRole manifest:isPublic ; manifest:hasCategory manifest:isMiscellaneous ; manifest:hasFileMetadata [  =
=                      manifest:cid Literal("bafkreifsu25wkyq7oecmtam3mguuoov2zmjp6xi3chuf5plajagdjfoule", datatype=xsd:string) ; manifest:filePath  =
=                      Literal("ipfs://bafkreifsu25wkyq7oecmtam3mguuoov2zmjp6xi3chuf5plajagdjfoule", datatype=xsd:anyURI) ; manifest:fileSize        =
=                      Literal("5678", datatype=xsd:integer) ; manifest:filename Literal("domainMetadata.json", datatype=xsd:string) ;               =
=                      manifest:mimeType Literal("application/ld+json", datatype=xsd:string) ; rdf:type [ owl:minCardinality Literal("0",            =
=                      datatype=xsd:integer) ; owl:onProperty manifest:hasDimensions ; rdf:type owl:Class, owl:Restriction, rdfs:Class,              =
=                      rdfs:Resource ], manifest:FileMetadata ] ; rdf:type [ owl:cardinality Literal("1", datatype=xsd:integer) ; owl:onProperty     =
=                      manifest:hasFileMetadata ; rdf:type owl:Class, owl:Restriction, rdfs:Class, rdfs:Resource ], manifest:Link ; sh:conformsTo    =
=                      <https://ontologies.envited-x.net/hdmap/v2/ontology#>, <https://ontologies.envited-x.net/manifest/v2/ontology> ; skos:note    =
=                      Literal("Referenced HD Map Asset.", datatype=xsd:string) ] must conform to one or more shapes in [ sh:property [ sh:not [     =
=                      sh:pattern Literal("^application/ld\+json$", datatype=xsd:string) ] ; sh:path ( manifest:hasFileMetadata manifest:mimeType )  =
=                      ] ] , [ sh:property [ sh:message Literal("This link is a manifest reference so the extra properties are not required.",       =
=                      datatype=xsd:string) ; sh:minCount Literal("1", datatype=xsd:integer) ; sh:path [ sh:inversePath                              =
=                      manifest:hasManifestReference ] ], [ sh:minCount Literal("1", datatype=xsd:integer) ; sh:path ( manifest:hasFileMetadata      =
=                      manifest:mimeType ) ; sh:pattern Literal("^application/ld\+json$", datatype=xsd:string) ] ] , [ sh:property [ sh:message      =
=                      Literal("If the MIME type is 'application/ld+json' and not a manifest reference, a skos:note is required.",                   =
=                      datatype=xsd:string) ; sh:minCount Literal("1", datatype=xsd:integer) ; sh:path skos:note ], [ sh:message Literal("If the     =
=                      MIME type is 'application/ld+json' and not a manifest reference, an IRI is required.", datatype=xsd:string) ; sh:minCount     =
=                      Literal("1", datatype=xsd:integer) ; sh:path manifest:iri ], [ sh:message Literal("If the MIME type is 'application/ld+json'  =
=                      and not a manifest reference, ontology conformance is required.", datatype=xsd:string) ; sh:minCount Literal("1",             =
=                      datatype=xsd:integer) ; sh:path sh:conformsTo ], [ sh:minCount Literal("1", datatype=xsd:integer) ; sh:path (                 =
=                      manifest:hasFileMetadata manifest:mimeType ) ; sh:pattern Literal("^application/ld\+json$", datatype=xsd:string) ] ]          =
= -------------------------------------------------------------------------------------------------------------------------------------------------- =
= 🔹 [Violation] Node: did:web:registry.envited-x.net:Manifest:oZVLOL-U0-HEQukff3Oj5V6xmuozZMykqVH2                                                  =
=    Property:         https://ontologies.envited-x.net/manifest/v5/ontology#hasArtifacts                                                            =
=    Error:            Value does not conform to Shape manifest:LinkShape. See details for more information.                                         =
======================================================================================================================================================
