======================================================================================================================================================
=                                                           ❌ SHACL validation failed for:                                                          =
=                                                                                                                                                    =
=                     ['manifest/tests/fail_02_missing_manifest_instance.json', 'base-references/gx_legalperson_reference.json']                     =
=                                                                                                                                                    =
======================================================================================================================================================
=                                                                                                                                                    =
=                                                           Structured Validation Errors:                                                            =
= -------------------------------------------------------------------------------------------------------------------------------------------------- =
= 🔹 [Violation] Node: did:web:registry.envited-x.net:Manifest:oZVLOL-U0-HEQukff3Oj5V6xmuozZMykqVH2                                                  =
=    Property:         https://ontologies.envited-x.net/manifest/v5/ontology#hasManifestReference                                                    =
=    Error:            Less than 1 values on <did:web:registry.envited-x.net:Manifest:oZVLOL-U0-HEQukff3Oj5V6xmuozZMykqVH2>-                         =
=                      ><https://ontologies.envited-x.net/manifest/v5/ontology#hasManifestReference>                                                 =
======================================================================================================================================================
