======================================================================================================================================================
=                                                           ❌ SHACL validation failed for:                                                          =
=                                                                                                                                                    =
=                                               ['manifest/tests/fail_missing_license_instance.json']                                                =
======================================================================================================================================================
======================================================================================================================================================
=                                                                                                                                                    =
= Validation Report                                                                                                                                  =
=                                                                                                                                                    =
= Conforms: False                                                                                                                                    =
=                                                                                                                                                    =
= Results (1):                                                                                                                                       =
=                                                                                                                                                    =
= Constraint Violation in MinCountConstraintComponent (http://www.w3.org/ns/shacl#MinCountConstraintComponent):                                      =
=                                                                                                                                                    =
= Severity: sh:Violation                                                                                                                             =
=                                                                                                                                                    =
= Source Shape: [ sh:description Literal("Defines the license valid for all content referenced in the manifest. Does not apply to linked data(sets)  =
= with explicit license terms.", lang=en) ; sh:maxCount Literal("1", datatype=xsd:integer) ; sh:minCount Literal("1", datatype=xsd:integer) ;        =
= sh:name Literal("license", lang=en) ; sh:node manifest:LicenseShape ; sh:order Literal("1", datatype=xsd:integer) ; sh:path manifest:hasLicense ]  =
=                                                                                                                                                    =
= Focus Node: <did:web:registry.gaia-x.eu:Manifest:oZVLOL-U0-HEQukff3Oj5V6xmuozZMykqVH2>                                                             =
=                                                                                                                                                    =
= Result Path: manifest:hasLicense                                                                                                                   =
=                                                                                                                                                    =
= Message: Less than 1 values on <did:web:registry.gaia-x.eu:Manifest:oZVLOL-U0-HEQukff3Oj5V6xmuozZMykqVH2>->manifest:hasLicense                     =
======================================================================================================================================================
