======================================================================================================================================================
=                                                           ❌ SHACL validation failed for:                                                          =
=                                                                                                                                                    =
=              ['hdmap/tests/fail01_false_value_hdmap_instance.json', 'base-references/gx_dataexchangecomponent_reference.json', 'base-              =
=                                                     references/gx_legalperson_reference.json']                                                     =
=                                                                                                                                                    =
======================================================================================================================================================
=                                                                                                                                                    =
=                                                           Structured Validation Errors:                                                            =
= -------------------------------------------------------------------------------------------------------------------------------------------------- =
= 🔹 [Violation] Node: [BNODE]                                                                                                                       =
=    Error:            If 'laneSpecificationDimensions' is not true, 'laneSpecificationDimensionsValue' must not be present.                         =
======================================================================================================================================================
