======================================================================================================================================================
=                                                           ❌ SHACL validation failed for:                                                          =
=                                                                                                                                                    =
=                                     ['tests/data/scenario/invalid/fail01_false_value_scenario_instance.json']                                      =
=                                                                                                                                                    =
======================================================================================================================================================
=                                                                                                                                                    =
=                                                           Structured Validation Errors:                                                            =
= -------------------------------------------------------------------------------------------------------------------------------------------------- =
= 🔹 [Violation] Node: [BNODE]                                                                                                                       =
=    Error:            If 'motionDecelerate' is not true, 'motionDecelerateValue' must not be present.                                               =
======================================================================================================================================================
