Validation Report
Conforms: False
Results (2):
Constraint Violation in NodeConstraintComponent (http://www.w3.org/ns/shacl#NodeConstraintComponent):
        Severity: sh:Violation
        Source Shape: [ sh:maxCount Literal("1", datatype=xsd:integer) ; sh:message Literal("Each SimulationAsset must have one associated Metadata object.", lang=en) ; sh:minCount Literal("1", datatype=xsd:integer) ; sh:node general:MetadataShape ; sh:path general:hasMetadata ]
        Focus Node: <did:web:registry.gaia-x.eu:envited-x:fail_missing_property_reference>
        Value Node: [ gx:name Literal("3D Model in Grafing", datatype=xsd:string) ; rdf:type envited-x:Metadata, rdfs:Resource ]
        Result Path: envited-x:hasMetadata
        Message: Each SimulationAsset must have one associated Metadata object.
        Details:
                Constraint Violation in MinCountConstraintComponent (http://www.w3.org/ns/shacl#MinCountConstraintComponent):
                        Severity: sh:Violation
                        Source Shape: [ sh:datatype xsd:string ; sh:maxCount Literal("1", datatype=xsd:integer) ; sh:message Literal("Each SimulationAsset must have a textual description of the entity.", lang=en) ; sh:minCount Literal("1", datatype=xsd:integer) ; sh:order Literal("1", datatype=xsd:integer) ; sh:path gx:description ; skos:example Literal("Town district with traffic signs.", lang=en) ]
                        Focus Node: [ gx:name Literal("3D Model in Grafing", datatype=xsd:string) ; rdf:type envited-x:Metadata, rdfs:Resource ]
                        Result Path: gx:description
                        Message: Each SimulationAsset must have a textual description of the entity.
Constraint Violation in MinCountConstraintComponent (http://www.w3.org/ns/shacl#MinCountConstraintComponent):
        Severity: sh:Violation
        Source Shape: [ sh:datatype xsd:string ; sh:maxCount Literal("1", datatype=xsd:integer) ; sh:message Literal("Each SimulationAsset must have a textual description of the entity.", lang=en) ; sh:minCount Literal("1", datatype=xsd:integer) ; sh:order Literal("1", datatype=xsd:integer) ; sh:path gx:description ; skos:example Literal("Town district with traffic signs.", lang=en) ]
        Focus Node: [ gx:name Literal("3D Model in Grafing", datatype=xsd:string) ; rdf:type envited-x:Metadata, rdfs:Resource ]
        Result Path: gx:description
        Message: Each SimulationAsset must have a textual description of the entity.
