======================================================================================================================================================
=                                                                                                                                                    =
=                                                          ❌ SHACL validation failed for:                                                           =
=                                                                                                                                                    =
=                    ['/home/carlo/workspace/ontology-management-base/envited-x/tests/fail_01_missing_has_content_instance.json']                    =
=                                                                                                                                                    =
======================================================================================================================================================
=                                                                                                                                                    =
=                                                           Structured Validation Errors:                                                            =
=                                                                                                                                                    =
= -------------------------------------------------------------------------------------------------------------------------------------------------- =
= 🔹 [Violation] Node: N07d3c87e36164ba8890a57a74903b3cc                                                                                             =
=    Property:         https://ontologies.envited-x.net/envited-x/v2/ontology#hasContent                                                             =
=    Error:            Each DataResourceExtension must link to at least one envited-x:Content via envited-x:hasContent.                              =
= -------------------------------------------------------------------------------------------------------------------------------------------------- =
= 🔹 [Violation] Node: did:web:registry.gaia-x.eu:envited-x:arlyvq4D1mfxwJ4Dm9JXJK3dGhlGfCs6GAWw                                                     =
=    Property:         https://ontologies.envited-x.net/envited-x/v2/ontology#hasDataResourceExtension                                               =
=    Error:            A SimulationAsset may have one or more DataResourceExtensions (e.g. georeference metadata, sensor calibration) to provide     =
=                      additional structured metadata. Each extension MUST conform to envited-x:DataResourceExtensionShape (at least one             =
=                      envited-x:hasContent and one envited-x:hasFormat).                                                                            =
======================================================================================================================================================
