======================================================================================================================================================
=                                                           ❌ SHACL validation failed for:                                                          =
=                                                                                                                                                    =
=                                        ['envited-x/tests/fail_02_missing_iri_manifest_link_instance.json']                                         =
=                                                                                                                                                    =
======================================================================================================================================================
=                                                                                                                                                    =
=                                                           Structured Validation Errors:                                                            =
= -------------------------------------------------------------------------------------------------------------------------------------------------- =
= 🔹 [Violation] Node: [BNODE]                                                                                                                       =
=    Error:            Node [ manifest:hasAccessRole envited-x:isPublic ; manifest:hasCategory envited-x:isManifest ; manifest:hasFileMetadata [     =
=                      manifest:filePath Literal("./manifest_reference.json", datatype=xsd:anyURI) ; manifest:mimeType                               =
=                      Literal("application/ld+json", datatype=xsd:string) ; rdf:type [ owl:minCardinality Literal("0", datatype=xsd:integer) ;      =
=                      owl:onProperty manifest:hasDimensions ; rdf:type owl:Class, owl:Restriction, rdfs:Class, rdfs:Resource ; rdfs:subClassOf [    =
=                      owl:minCardinality Literal("0", datatype=xsd:integer) ; owl:onProperty manifest:hasDimensions ; rdf:type owl:Class,           =
=                      owl:Restriction, rdfs:Class, rdfs:Resource ; rdfs:subClassOf [ owl:minCardinality Literal("0", datatype=xsd:integer) ;        =
=                      owl:onProperty manifest:hasDimensions ; rdf:type owl:Class, owl:Restriction, rdfs:Class, rdfs:Resource ; rdfs:subClassOf [    =
=                      owl:minCardinality Literal("0", datatype=xsd:integer) ; owl:onProperty manifest:hasDimensions ; rdf:type owl:Class,           =
=                      owl:Restriction, rdfs:Class, rdfs:Resource ; rdfs:subClassOf <http://recursion.too.deep>, rdfs:Resource ], rdfs:Resource ],   =
=                      rdfs:Resource ], rdfs:Resource ], manifest:FileMetadata, rdfs:Resource ] ; rdf:type [ owl:cardinality Literal("1",            =
=                      datatype=xsd:integer) ; owl:onProperty manifest:hasFileMetadata ; rdf:type owl:Class, owl:Restriction, rdfs:Class,            =
=                      rdfs:Resource ; rdfs:subClassOf [ owl:cardinality Literal("1", datatype=xsd:integer) ; owl:onProperty                         =
=                      manifest:hasFileMetadata ; rdf:type owl:Class, owl:Restriction, rdfs:Class, rdfs:Resource ; rdfs:subClassOf [ owl:cardinality =
=                      Literal("1", datatype=xsd:integer) ; owl:onProperty manifest:hasFileMetadata ; rdf:type owl:Class, owl:Restriction,           =
=                      rdfs:Class, rdfs:Resource ; rdfs:subClassOf [ owl:cardinality Literal("1", datatype=xsd:integer) ; owl:onProperty             =
=                      manifest:hasFileMetadata ; rdf:type owl:Class, owl:Restriction, rdfs:Class, rdfs:Resource ; rdfs:subClassOf [ owl:cardinality =
=                      Literal("1", datatype=xsd:integer) ; owl:onProperty manifest:hasFileMetadata ; rdf:type owl:Class, owl:Restriction,           =
=                      rdfs:Class, rdfs:Resource ; rdfs:subClassOf <http://recursion.too.deep>, rdfs:Resource ], rdfs:Resource ], rdfs:Resource ],   =
=                      rdfs:Resource ], rdfs:Resource ], [ owl:unionOf ( envited-x:Manifest manifest:Link ), ( envited-x:Manifest manifest:Link ) ;  =
=                      rdf:type owl:Class, rdfs:Class, rdfs:Resource ; rdfs:subClassOf [ owl:unionOf ( envited-x:Manifest manifest:Link ), (         =
=                      envited-x:Manifest manifest:Link ) ; rdf:type owl:Class, rdfs:Class, rdfs:Resource ; rdfs:subClassOf [ owl:unionOf (          =
=                      envited-x:Manifest manifest:Link ), ( envited-x:Manifest manifest:Link ) ; rdf:type owl:Class, rdfs:Class, rdfs:Resource ;    =
=                      rdfs:subClassOf [ owl:unionOf ( envited-x:Manifest manifest:Link ), ( envited-x:Manifest manifest:Link ) ; rdf:type           =
=                      owl:Class, rdfs:Class, rdfs:Resource ; rdfs:subClassOf [ owl:unionOf <http://recursion.too.deep>, <http://recursion.too.deep> =
=                      ; rdf:type owl:Class, rdfs:Class, rdfs:Resource ; rdfs:subClassOf <http://recursion.too.deep>, rdfs:Resource ], rdfs:Resource =
=                      ], rdfs:Resource ], rdfs:Resource ], rdfs:Resource ], manifest:Link, rdfs:Resource ; sh:conformsTo                            =
=                      <https://ontologies.envited-x.net/envited-x/v2/ontology#>, <https://ontologies.envited-x.net/manifest/v5/ontology#> ;         =
=                      skos:note Literal("Ensure that 'manifest_reference.json' contains all required categories: simulationData, documentation,     =
=                      metadata, media.", datatype=xsd:string) ] must conform to one or more shapes in [ sh:property [ sh:not [ sh:pattern           =
=                      Literal("^application/ld\+json$") ] ; sh:path ( <https://ontologies.envited-x.net/manifest/v5/ontology#hasFileMetadata>       =
=                      <https://ontologies.envited-x.net/manifest/v5/ontology#mimeType> ) ] ] , [ sh:property [ sh:message Literal("This link is a   =
=                      manifest reference so the extra properties are not required.") ; sh:minCount Literal("1", datatype=xsd:integer) ; sh:path [   =
=                      sh:inversePath <https://ontologies.envited-x.net/manifest/v5/ontology#hasManifestReference> ] ], [ sh:minCount Literal("1",   =
=                      datatype=xsd:integer) ; sh:path ( <https://ontologies.envited-x.net/manifest/v5/ontology#hasFileMetadata>                     =
=                      <https://ontologies.envited-x.net/manifest/v5/ontology#mimeType> ) ; sh:pattern Literal("^application/ld\+json$") ] ] , [     =
=                      sh:property [ sh:message Literal("If the MIME type is 'application/ld+json' and not a manifest reference, a skos:note is      =
=                      required.") ; sh:minCount Literal("1", datatype=xsd:integer) ; sh:path skos:note ], [ sh:message Literal("If the MIME type is =
=                      'application/ld+json' and not a manifest reference, an IRI is required.") ; sh:minCount Literal("1", datatype=xsd:integer) ;  =
=                      sh:path <https://ontologies.envited-x.net/manifest/v5/ontology#iri> ], [ sh:message Literal("If the MIME type is              =
=                      'application/ld+json' and not a manifest reference, ontology conformance is required.") ; sh:minCount Literal("1",            =
=                      datatype=xsd:integer) ; sh:path sh:conformsTo ], [ sh:minCount Literal("1", datatype=xsd:integer) ; sh:path (                 =
=                      <https://ontologies.envited-x.net/manifest/v5/ontology#hasFileMetadata>                                                       =
=                      <https://ontologies.envited-x.net/manifest/v5/ontology#mimeType> ) ; sh:pattern Literal("^application/ld\+json$") ] ]         =
= -------------------------------------------------------------------------------------------------------------------------------------------------- =
= 🔹 [Violation] Node: did:web:registry.gaia-x.eu:envited-x:arlyvq4D1mfxwJ4Dm9JXJK3dGhlGfCs6GAWw                                                     =
=    Property:         https://ontologies.envited-x.net/envited-x/v2/ontology#hasManifest                                                            =
=    Error:            Each SimulationAsset must have exactly one manifest. If linked, it MUST be of category envited-x:isManifest and include a     =
=                      manifest:iri.                                                                                                                 =
======================================================================================================================================================
