======================================================================================================================================================
=                                                           ❌ SHACL validation failed for:                                                          =
=                                                                                                                                                    =
=                                  ['tests/data/manifest/invalid/fail_04_missing_id_mimeType_ldjson_instance.json']                                  =
=                                                                                                                                                    =
======================================================================================================================================================
=                                                                                                                                                    =
=                                                           Structured Validation Errors:                                                            =
= -------------------------------------------------------------------------------------------------------------------------------------------------- =
= 🔹 [Violation] Node: [BNODE]                                                                                                                       =
=    Error:            Node [ <https://w3id.org/ascs-ev/envited-x/manifest/v5/hasAccessRole> <https://w3id.org/ascs-                                 =
=                      ev/envited-x/manifest/v5/isPublic> ; <https://w3id.org/ascs-ev/envited-x/manifest/v5/hasCategory> <https://w3id.org/ascs-     =
=                      ev/envited-x/manifest/v5/isMiscellaneous> ; <https://w3id.org/ascs-ev/envited-x/manifest/v5/hasFileMetadata> [                =
=                      <https://w3id.org/ascs-ev/envited-x/manifest/v5/cid> Literal("bafkreifsu25wkyq7oecmtam3mguuoov2zmjp6xi3chuf5plajagdjfoule",   =
=                      datatype=xsd:string) ; <https://w3id.org/ascs-ev/envited-x/manifest/v5/filePath>                                              =
=                      Literal("ipfs://bafkreifsu25wkyq7oecmtam3mguuoov2zmjp6xi3chuf5plajagdjfoule", datatype=xsd:anyURI) ; <https://w3id.org/ascs-  =
=                      ev/envited-x/manifest/v5/fileSize> Literal("5678", datatype=xsd:integer) ; <https://w3id.org/ascs-                            =
=                      ev/envited-x/manifest/v5/filename> Literal("domainMetadata.json", datatype=xsd:string) ; <https://w3id.org/ascs-              =
=                      ev/envited-x/manifest/v5/mimeType> Literal("application/ld+json", datatype=xsd:string) ; rdf:type <https://w3id.org/ascs-     =
=                      ev/envited-x/manifest/v5/FileMetadata>, [ owl:minCardinality Literal("0", datatype=xsd:integer) ; owl:onProperty              =
=                      <https://w3id.org/ascs-ev/envited-x/manifest/v5/hasDimensions> ; rdf:type owl:Restriction, rdfs:Resource ], rdfs:Resource ] ; =
=                      rdf:type <https://w3id.org/ascs-ev/envited-x/manifest/v5/Link>, [ owl:cardinality Literal("1", datatype=xsd:integer) ;        =
=                      owl:onProperty <https://w3id.org/ascs-ev/envited-x/manifest/v5/hasFileMetadata> ; rdf:type owl:Restriction, rdfs:Resource ],  =
=                      rdfs:Resource ; sh:conformsTo <https://w3id.org/ascs-ev/envited-x/hdmap/v2/>, <https://w3id.org/ascs-                         =
=                      ev/envited-x/manifest/v2/> ; skos:note Literal("Referenced HD Map Asset.", datatype=xsd:string) ] must conform to one or more =
=                      shapes in [ sh:property [ sh:not [ sh:pattern Literal("^application/ld\+json$", datatype=xsd:string) ] ; sh:path (            =
=                      manifest:hasFileMetadata manifest:mimeType ) ] ] , [ sh:property [ sh:message Literal("This link is a manifest reference so   =
=                      the extra properties are not required.", datatype=xsd:string) ; sh:minCount Literal("1", datatype=xsd:integer) ; sh:path [    =
=                      sh:inversePath manifest:hasManifestReference ] ], [ sh:minCount Literal("1", datatype=xsd:integer) ; sh:path (                =
=                      manifest:hasFileMetadata manifest:mimeType ) ; sh:pattern Literal("^application/ld\+json$", datatype=xsd:string) ] ] , [      =
=                      sh:property [ sh:message Literal("If the MIME type is 'application/ld+json' and not a manifest reference, a skos:note is      =
=                      required.", datatype=xsd:string) ; sh:minCount Literal("1", datatype=xsd:integer) ; sh:path skos:note ], [ sh:message         =
=                      Literal("If the MIME type is 'application/ld+json' and not a manifest reference, an IRI is required.", datatype=xsd:string) ; =
=                      sh:minCount Literal("1", datatype=xsd:integer) ; sh:path manifest:iri ], [ sh:message Literal("If the MIME type is            =
=                      'application/ld+json' and not a manifest reference, ontology conformance is required.", datatype=xsd:string) ; sh:minCount    =
=                      Literal("1", datatype=xsd:integer) ; sh:path sh:conformsTo ], [ sh:minCount Literal("1", datatype=xsd:integer) ; sh:path (    =
=                      manifest:hasFileMetadata manifest:mimeType ) ; sh:pattern Literal("^application/ld\+json$", datatype=xsd:string) ] ]          =
= -------------------------------------------------------------------------------------------------------------------------------------------------- =
= 🔹 [Violation] Node: did:web:test.manifest.net:Manifest:test_invalid_fail_04_missing_id_mimeType_ldjson_instance                                   =
=    Property:         https://w3id.org/ascs-ev/envited-x/manifest/v5/hasArtifacts                                                                   =
=    Error:            Value does not conform to Shape manifest:LinkShape. See details for more information.                                         =
======================================================================================================================================================
