======================================================================================================================================================
=                                                           ❌ SHACL validation failed for:                                                          =
=                                                                                                                                                    =
=           ['scenario/tests/fail01_false_value_scenario_instance.json', 'base-references/gx_dataexchangecomponent_reference.json', 'base-           =
=                                                     references/gx_legalperson_reference.json']                                                     =
=                                                                                                                                                    =
======================================================================================================================================================
=                                                                                                                                                    =
=                                                           Structured Validation Errors:                                                            =
= -------------------------------------------------------------------------------------------------------------------------------------------------- =
= 🔹 [Violation] Node: [BNODE]                                                                                                                       =
=    Error:            If 'motionDecelerate' is not true, 'motionDecelerateValue' must not be present.                                               =
======================================================================================================================================================
